main.c:62:6:delay	16	static
main.c:84:5:debouncerBoton3	24	static
main.c:112:5:debouncerBoton4	24	static
main.c:140:6:garagecontrol	8	static
main.c:196:6:HAL_GPIO_EXTI_Callback	16	static
main.c:229:6:HAL_TIM_IC_CaptureCallback	16	static
main.c:267:6:HCSR04_Read	8	static
main.c:282:5:main	8	static
main.c:341:6:SystemClock_Config	88	static
main.c:386:13:MX_TIM1_Init	32	static
main.c:435:13:MX_TIM2_Init	64	static
main.c:494:13:MX_GPIO_Init	48	static
main.c:558:6:Error_Handler	4	static,ignoring_inline_asm
