main.c:74:6:delay	16	static
main.c:104:5:debouncer2	24	static
main.c:133:6:servo	32	static
main.c:141:6:garagecontrol	8	static
main.c:224:6:HAL_GPIO_EXTI_Callback	16	static
main.c:257:6:HAL_TIM_IC_CaptureCallback	16	static
main.c:295:6:HCSR04_Read	8	static
main.c:304:6:LDR	8	static
main.c:317:6:avanceMotor	16	static
main.c:325:6:pareMotor	8	static
main.c:333:6:alarma	8	static
main.c:352:6:HAL_UART_RxCpltCallback	16	static
main.c:364:5:main	8	static
main.c:436:6:SystemClock_Config	88	static
main.c:480:13:MX_ADC1_Init	24	static
main.c:530:13:MX_TIM1_Init	32	static
main.c:579:13:MX_TIM2_Init	64	static
main.c:638:13:MX_TIM3_Init	48	static
main.c:687:13:MX_TIM4_Init	64	static
main.c:746:13:MX_USART3_UART_Init	8	static
main.c:777:13:MX_DMA_Init	16	static
main.c:795:13:MX_GPIO_Init	56	static
main.c:863:6:Error_Handler	4	static,ignoring_inline_asm
